C51 COMPILER V9.60.7.0   GPIO                                                              11/29/2024 16:35:19 PAGE 1   


C51 COMPILER V9.60.7.0, COMPILATION OF MODULE GPIO
OBJECT MODULE PLACED IN ..\Output\gpio.obj
COMPILER INVOKED BY: D:\APP\Keil_v5\C51\BIN\C51.EXE ..\Core\Src\gpio.c LARGE OPTIMIZE(8,SPEED) BROWSE INCDIR(..\Drivers;
                    -..\BSP\Inc;..\Core\Inc;..\Emembed\Inc;..\Middlewares;..\SYSTEM) DEBUG OBJECTEXTEND PRINT(.\Listings\gpio.lst) OBJECT(..\
                    -Output\gpio.obj)

line level    source

   1          #include "gpio.h"
   2          
   3          void GPIOInit( void )
   4          {
   5   1          P0M0 = 0x20;    P0M1 = 0x00;        //P0.5为推挽
   6   1          P1M0 = 0X80;    P1M1 = 0X00;        //P1.0 P1.1 P1.4为高阻输入
   7   1          P2M0 = 0x7f;    P2M1 = 0x00;        //P2.0 2.3  2.4 2.5 2.6为推挽      
   8   1          P3M0 = 0X00;    P3M1 = 0X00;       
   9   1          P4M0 = 0x1c;    P4M1 = 0x00;        //P4.2 4.3 4.4为推挽      
  10   1          P5M0 = 0X10;    P5M1 = 0X00;        //P5.4为推挽
  11   1      
  12   1          LED5        = 0;
  13   1          buzzer      = 1;
  14   1          pwm_fan     = 0;
  15   1          cooling_fan = 0;
  16   1      }
  17            


MODULE INFORMATION:   STATIC OVERLAYABLE
   CODE SIZE        =     39    ----
   CONSTANT SIZE    =   ----    ----
   XDATA SIZE       =   ----    ----
   PDATA SIZE       =   ----    ----
   DATA SIZE        =   ----    ----
   IDATA SIZE       =   ----    ----
   BIT SIZE         =   ----    ----
END OF MODULE INFORMATION.


C51 COMPILATION COMPLETE.  0 WARNING(S),  0 ERROR(S)
